============================= test session starts =============================
platform win32 -- Python 3.13.6, pytest-9.0.2, pluggy-1.6.0
rootdir: C:\Users\ACER\Desktop\BRENDEX\e-rep-backend\api\tests
configfile: pytest.ini
plugins: anyio-4.10.0, cov-7.1.0, flask-1.3.0
collected 1 item

api\tests\test_auth_rbac.py F                                            [100%]

================================== FAILURES ===================================
________________ TestEndpointAuth.test_public_ranking_no_auth _________________

self = <api.tests.test_auth_rbac.TestEndpointAuth object at 0x00000209B38CF110>
client = <FlaskClient <Flask 'api'>>
public_headers = {'Content-Type': 'application/json'}

    def test_public_ranking_no_auth(self, client, public_headers):
        """Public ranking should be accessible without auth"""
        response = client.get("/api/public/ranking", headers=public_headers)
        # Should either return 200 or 404 (if no data), but NOT 401
>       assert response.status_code in [200, 404]
E       assert 500 in [200, 404]
E        +  where 500 = <WrapperTestResponse streamed [500 INTERNAL SERVER ERROR]>.status_code

api\tests\test_auth_rbac.py:150: AssertionError
------------------------------ Captured log call ------------------------------
CRITICAL repository_errors:logging_utils.py:243 {"timestamp": "2026-06-15T18:57:18.478Z", "severity": "high", "category": "repository_error", "class_name": "PageHistoryRepository", "method_name": "get_all_entities_ranking", "error_type": "OperationalError", "error_message": "(sqlite3.OperationalError) near \"ON\": syntax error\n[SQL: \n            WITH latest_page_data AS (\n                SELECT DISTINCT ON (page_id)\n                    page_id,\n                    entity_id,\n                    entity_name,\n                    platform,\n                    page_name,\n                    page_url,\n                    profile_url AS profile_image_url,\n                    category,\n                    raw_followers::BIGINT AS followers,\n                    DATE(recorded_at) AS snapshot_date\n                FROM page_posts_metrics_mv\n                WHERE platform IN ('instagram','linkedin','tiktok','youtube','x', 'facebook')\n                  AND raw_followers IS NOT NULL\n                  AND to_scrape\n                ORDER BY page_id, recorded_at DESC\n            ),\n            entity_category_map AS (\n                SELECT\n                    entity_id,\n                    MIN(category) AS category\n                FROM latest_page_data\n                GROUP BY entity_id\n            ),\n            entity_totals AS (\n                SELECT\n                    entity_id,\n                    SUM(followers)::BIGINT AS total_followers,\n                    MIN(snapshot_date) AS window_start,\n                    RANK() OVER (ORDER BY SUM(followers) DESC) AS entity_rank\n                FROM latest_page_data\n                GROUP BY entity_id\n            )\n            SELECT\n                lpd.entity_id,\n                lpd.entity_name,\n                et.total_followers,\n                et.entity_rank,\n                et.window_start,\n                ecm.category,\n                lpd.platform,\n                lpd.page_name,\n                lpd.page_id,\n                lpd.page_url,\n                lpd.profile_image_url,\n                lpd.followers\n            FROM latest_page_data lpd\n            JOIN entity_totals et ON et.entity_id = lpd.entity_id\n            LEFT JOIN entity_category_map ecm ON ecm.entity_id = lpd.entity_id\n            ORDER BY et.entity_rank, lpd.platform\n        ]\n(Background on this error at: https://sqlalche.me/e/20/e3q8)", "stack_trace": "Traceback (most recent call last):\n  File \"C:\\Users\\ACER\\Desktop\\BRENDEX\\e-rep-backend\\flask-env\\Lib\\site-packages\\sqlalchemy\\engine\\base.py\", line 1967, in _exec_single_context\n    self.dialect.do_execute(\n    ~~~~~~~~~~~~~~~~~~~~~~~^\n        cursor, str_statement, effective_parameters, context\n        ^^^^^^^^^^^^^^^^^^^^^^^^^^^^^^^^^^^^^^^^^^^^^^^^^^^^\n    )\n    ^\n  File \"C:\\Users\\ACER\\Desktop\\BRENDEX\\e-rep-backend\\flask-env\\Lib\\site-packages\\sqlalchemy\\engine\\default.py\", line 951, in do_execute\n    cursor.execute(statement, parameters)\n    ~~~~~~~~~~~~~~^^^^^^^^^^^^^^^^^^^^^^^\nsqlite3.OperationalError: near \"ON\": syntax error\n\nThe above exception was the direct cause of the following exception:\n\nTraceback (most recent call last):\n  File \"C:\\Users\\ACER\\Desktop\\BRENDEX\\e-rep-backend\\api\\utils\\logging_utils.py\", line 340, in wrapper\n    return func(*args, **kwargs)\n  File \"C:\\Users\\ACER\\Desktop\\BRENDEX\\e-rep-backend\\api\\repositories\\page_history_repository.py\", line 729, in get_all_entities_ranking\n    rows = db.session.execute(query).mappings().all()\n           ~~~~~~~~~~~~~~~~~~^^^^^^^\n  File \"C:\\Users\\ACER\\Desktop\\BRENDEX\\e-rep-backend\\flask-env\\Lib\\site-packages\\sqlalchemy\\orm\\scoping.py\", line 779, in execute\n    return self._proxied.execute(\n           ~~~~~~~~~~~~~~~~~~~~~^\n        statement,\n        ^^^^^^^^^^\n    ...<4 lines>...\n        _add_event=_add_event,\n        ^^^^^^^^^^^^^^^^^^^^^^\n    )\n    ^\n  File \"C:\\Users\\ACER\\Desktop\\BRENDEX\\e-rep-backend\\flask-env\\Lib\\site-packages\\sqlalchemy\\orm\\session.py\", line 2365, in execute\n    return self._execute_internal(\n           ~~~~~~~~~~~~~~~~~~~~~~^\n        statement,\n        ^^^^^^^^^^\n    ...<4 lines>...\n        _add_event=_add_event,\n        ^^^^^^^^^^^^^^^^^^^^^^\n    )\n    ^\n  File \"C:\\Users\\ACER\\Desktop\\BRENDEX\\e-rep-backend\\flask-env\\Lib\\site-packages\\sqlalchemy\\orm\\session.py\", line 2260, in _execute_internal\n    result = conn.execute(\n        statement, params or {}, execution_options=execution_options\n    )\n  File \"C:\\Users\\ACER\\Desktop\\BRENDEX\\e-rep-backend\\flask-env\\Lib\\site-packages\\sqlalchemy\\engine\\base.py\", line 1419, in execute\n    return meth(\n        self,\n        distilled_parameters,\n        execution_options or NO_OPTIONS,\n    )\n  File \"C:\\Users\\ACER\\Desktop\\BRENDEX\\e-rep-backend\\flask-env\\Lib\\site-packages\\sqlalchemy\\sql\\elements.py\", line 526, in _execute_on_connection\n    return connection._execute_clauseelement(\n           ~~~~~~~~~~~~~~~~~~~~~~~~~~~~~~~~~^\n        self, distilled_params, execution_options\n        ^^^^^^^^^^^^^^^^^^^^^^^^^^^^^^^^^^^^^^^^^\n    )\n    ^\n  File \"C:\\Users\\ACER\\Desktop\\BRENDEX\\e-rep-backend\\flask-env\\Lib\\site-packages\\sqlalchemy\\engine\\base.py\", line 1641, in _execute_clauseelement\n    ret = self._execute_context(\n        dialect,\n    ...<8 lines>...\n        cache_hit=cache_hit,\n    )\n  File \"C:\\Users\\ACER\\Desktop\\BRENDEX\\e-rep-backend\\flask-env\\Lib\\site-packages\\sqlalchemy\\engine\\base.py\", line 1846, in _execute_context\n    return self._exec_single_context(\n           ~~~~~~~~~~~~~~~~~~~~~~~~~^\n        dialect, context, statement, parameters\n        ^^^^^^^^^^^^^^^^^^^^^^^^^^^^^^^^^^^^^^^\n    )\n    ^\n  File \"C:\\Users\\ACER\\Desktop\\BRENDEX\\e-rep-backend\\flask-env\\Lib\\site-packages\\sqlalchemy\\engine\\base.py\", line 1986, in _exec_single_context\n    self._handle_dbapi_exception(\n    ~~~~~~~~~~~~~~~~~~~~~~~~~~~~^\n        e, str_statement, effective_parameters, cursor, context\n        ^^^^^^^^^^^^^^^^^^^^^^^^^^^^^^^^^^^^^^^^^^^^^^^^^^^^^^^\n    )\n    ^\n  File \"C:\\Users\\ACER\\Desktop\\BRENDEX\\e-rep-backend\\flask-env\\Lib\\site-packages\\sqlalchemy\\engine\\base.py\", line 2355, in _handle_dbapi_exception\n    raise sqlalchemy_exception.with_traceback(exc_info[2]) from e\n  File \"C:\\Users\\ACER\\Desktop\\BRENDEX\\e-rep-backend\\flask-env\\Lib\\site-packages\\sqlalchemy\\engine\\base.py\", line 1967, in _exec_single_context\n    self.dialect.do_execute(\n    ~~~~~~~~~~~~~~~~~~~~~~~^\n        cursor, str_statement, effective_parameters, context\n        ^^^^^^^^^^^^^^^^^^^^^^^^^^^^^^^^^^^^^^^^^^^^^^^^^^^^\n    )\n    ^\n  File \"C:\\Users\\ACER\\Desktop\\BRENDEX\\e-rep-backend\\flask-env\\Lib\\site-packages\\sqlalchemy\\engine\\default.py\", line 951, in do_execute\n    cursor.execute(statement, parameters)\n    ~~~~~~~~~~~~~~^^^^^^^^^^^^^^^^^^^^^^^\nsqlalchemy.exc.OperationalError: (sqlite3.OperationalError) near \"ON\": syntax error\n[SQL: \n            WITH latest_page_data AS (\n                SELECT DISTINCT ON (page_id)\n                    page_id,\n                    entity_id,\n                    entity_name,\n                    platform,\n                    page_name,\n                    page_url,\n                    profile_url AS profile_image_url,\n                    category,\n                    raw_followers::BIGINT AS followers,\n                    DATE(recorded_at) AS snapshot_date\n                FROM page_posts_metrics_mv\n                WHERE platform IN ('instagram','linkedin','tiktok','youtube','x', 'facebook')\n                  AND raw_followers IS NOT NULL\n                  AND to_scrape\n                ORDER BY page_id, recorded_at DESC\n            ),\n            entity_category_map AS (\n                SELECT\n                    entity_id,\n                    MIN(category) AS category\n                FROM latest_page_data\n                GROUP BY entity_id\n            ),\n            entity_totals AS (\n                SELECT\n                    entity_id,\n                    SUM(followers)::BIGINT AS total_followers,\n                    MIN(snapshot_date) AS window_start,\n                    RANK() OVER (ORDER BY SUM(followers) DESC) AS entity_rank\n                FROM latest_page_data\n                GROUP BY entity_id\n            )\n            SELECT\n                lpd.entity_id,\n                lpd.entity_name,\n                et.total_followers,\n                et.entity_rank,\n                et.window_start,\n                ecm.category,\n                lpd.platform,\n                lpd.page_name,\n                lpd.page_id,\n                lpd.page_url,\n                lpd.profile_image_url,\n                lpd.followers\n            FROM latest_page_data lpd\n            JOIN entity_totals et ON et.entity_id = lpd.entity_id\n            LEFT JOIN entity_category_map ecm ON ecm.entity_id = lpd.entity_id\n            ORDER BY et.entity_rank, lpd.platform\n        ]\n(Background on this error at: https://sqlalche.me/e/20/e3q8)\n", "call": {"method_type": "static", "args": [], "kwargs": {}}, "request": {"request_id": null, "method": "GET", "path": "/api/public/ranking", "endpoint": "public.public_ranking", "blueprint": "public"}}
CRITICAL repository_errors:logging_utils.py:243 {"timestamp": "2026-06-15T18:57:18.488Z", "severity": "high", "category": "repository_error", "class_name": "PageHistoryRepository", "method_name": "get_public_ranking", "error_type": "OperationalError", "error_message": "(sqlite3.OperationalError) near \"ON\": syntax error\n[SQL: \n            WITH latest_page_data AS (\n                SELECT DISTINCT ON (page_id)\n                    page_id,\n                    entity_id,\n                    entity_name,\n                    platform,\n                    page_name,\n                    page_url,\n                    profile_url AS profile_image_url,\n                    category,\n                    raw_followers::BIGINT AS followers,\n                    DATE(recorded_at) AS snapshot_date\n                FROM page_posts_metrics_mv\n                WHERE platform IN ('instagram','linkedin','tiktok','youtube','x', 'facebook')\n                  AND raw_followers IS NOT NULL\n                  AND to_scrape\n                ORDER BY page_id, recorded_at DESC\n            ),\n            entity_category_map AS (\n                SELECT\n                    entity_id,\n                    MIN(category) AS category\n                FROM latest_page_data\n                GROUP BY entity_id\n            ),\n            entity_totals AS (\n                SELECT\n                    entity_id,\n                    SUM(followers)::BIGINT AS total_followers,\n                    MIN(snapshot_date) AS window_start,\n                    RANK() OVER (ORDER BY SUM(followers) DESC) AS entity_rank\n                FROM latest_page_data\n                GROUP BY entity_id\n            )\n            SELECT\n                lpd.entity_id,\n                lpd.entity_name,\n                et.total_followers,\n                et.entity_rank,\n                et.window_start,\n                ecm.category,\n                lpd.platform,\n                lpd.page_name,\n                lpd.page_id,\n                lpd.page_url,\n                lpd.profile_image_url,\n                lpd.followers\n            FROM latest_page_data lpd\n            JOIN entity_totals et ON et.entity_id = lpd.entity_id\n            LEFT JOIN entity_category_map ecm ON ecm.entity_id = lpd.entity_id\n            ORDER BY et.entity_rank, lpd.platform\n        ]\n(Background on this error at: https://sqlalche.me/e/20/e3q8)", "stack_trace": "Traceback (most recent call last):\n  File \"C:\\Users\\ACER\\Desktop\\BRENDEX\\e-rep-backend\\flask-env\\Lib\\site-packages\\sqlalchemy\\engine\\base.py\", line 1967, in _exec_single_context\n    self.dialect.do_execute(\n    ~~~~~~~~~~~~~~~~~~~~~~~^\n        cursor, str_statement, effective_parameters, context\n        ^^^^^^^^^^^^^^^^^^^^^^^^^^^^^^^^^^^^^^^^^^^^^^^^^^^^\n    )\n    ^\n  File \"C:\\Users\\ACER\\Desktop\\BRENDEX\\e-rep-backend\\flask-env\\Lib\\site-packages\\sqlalchemy\\engine\\default.py\", line 951, in do_execute\n    cursor.execute(statement, parameters)\n    ~~~~~~~~~~~~~~^^^^^^^^^^^^^^^^^^^^^^^\nsqlite3.OperationalError: near \"ON\": syntax error\n\nThe above exception was the direct cause of the following exception:\n\nTraceback (most recent call last):\n  File \"C:\\Users\\ACER\\Desktop\\BRENDEX\\e-rep-backend\\api\\utils\\logging_utils.py\", line 340, in wrapper\n    return func(*args, **kwargs)\n  File \"C:\\Users\\ACER\\Desktop\\BRENDEX\\e-rep-backend\\api\\repositories\\page_history_repository.py\", line 826, in get_public_ranking\n    data = PageHistoryRepository.get_all_entities_ranking()\n  File \"C:\\Users\\ACER\\Desktop\\BRENDEX\\e-rep-backend\\api\\utils\\logging_utils.py\", line 340, in wrapper\n    return func(*args, **kwargs)\n  File \"C:\\Users\\ACER\\Desktop\\BRENDEX\\e-rep-backend\\api\\repositories\\page_history_repository.py\", line 729, in get_all_entities_ranking\n    rows = db.session.execute(query).mappings().all()\n           ~~~~~~~~~~~~~~~~~~^^^^^^^\n  File \"C:\\Users\\ACER\\Desktop\\BRENDEX\\e-rep-backend\\flask-env\\Lib\\site-packages\\sqlalchemy\\orm\\scoping.py\", line 779, in execute\n    return self._proxied.execute(\n           ~~~~~~~~~~~~~~~~~~~~~^\n        statement,\n        ^^^^^^^^^^\n    ...<4 lines>...\n        _add_event=_add_event,\n        ^^^^^^^^^^^^^^^^^^^^^^\n    )\n    ^\n  File \"C:\\Users\\ACER\\Desktop\\BRENDEX\\e-rep-backend\\flask-env\\Lib\\site-packages\\sqlalchemy\\orm\\session.py\", line 2365, in execute\n    return self._execute_internal(\n           ~~~~~~~~~~~~~~~~~~~~~~^\n        statement,\n        ^^^^^^^^^^\n    ...<4 lines>...\n        _add_event=_add_event,\n        ^^^^^^^^^^^^^^^^^^^^^^\n    )\n    ^\n  File \"C:\\Users\\ACER\\Desktop\\BRENDEX\\e-rep-backend\\flask-env\\Lib\\site-packages\\sqlalchemy\\orm\\session.py\", line 2260, in _execute_internal\n    result = conn.execute(\n        statement, params or {}, execution_options=execution_options\n    )\n  File \"C:\\Users\\ACER\\Desktop\\BRENDEX\\e-rep-backend\\flask-env\\Lib\\site-packages\\sqlalchemy\\engine\\base.py\", line 1419, in execute\n    return meth(\n        self,\n        distilled_parameters,\n        execution_options or NO_OPTIONS,\n    )\n  File \"C:\\Users\\ACER\\Desktop\\BRENDEX\\e-rep-backend\\flask-env\\Lib\\site-packages\\sqlalchemy\\sql\\elements.py\", line 526, in _execute_on_connection\n    return connection._execute_clauseelement(\n           ~~~~~~~~~~~~~~~~~~~~~~~~~~~~~~~~~^\n        self, distilled_params, execution_options\n        ^^^^^^^^^^^^^^^^^^^^^^^^^^^^^^^^^^^^^^^^^\n    )\n    ^\n  File \"C:\\Users\\ACER\\Desktop\\BRENDEX\\e-rep-backend\\flask-env\\Lib\\site-packages\\sqlalchemy\\engine\\base.py\", line 1641, in _execute_clauseelement\n    ret = self._execute_context(\n        dialect,\n    ...<8 lines>...\n        cache_hit=cache_hit,\n    )\n  File \"C:\\Users\\ACER\\Desktop\\BRENDEX\\e-rep-backend\\flask-env\\Lib\\site-packages\\sqlalchemy\\engine\\base.py\", line 1846, in _execute_context\n    return self._exec_single_context(\n           ~~~~~~~~~~~~~~~~~~~~~~~~~^\n        dialect, context, statement, parameters\n        ^^^^^^^^^^^^^^^^^^^^^^^^^^^^^^^^^^^^^^^\n    )\n    ^\n  File \"C:\\Users\\ACER\\Desktop\\BRENDEX\\e-rep-backend\\flask-env\\Lib\\site-packages\\sqlalchemy\\engine\\base.py\", line 1986, in _exec_single_context\n    self._handle_dbapi_exception(\n    ~~~~~~~~~~~~~~~~~~~~~~~~~~~~^\n        e, str_statement, effective_parameters, cursor, context\n        ^^^^^^^^^^^^^^^^^^^^^^^^^^^^^^^^^^^^^^^^^^^^^^^^^^^^^^^\n    )\n    ^\n  File \"C:\\Users\\ACER\\Desktop\\BRENDEX\\e-rep-backend\\flask-env\\Lib\\site-packages\\sqlalchemy\\engine\\base.py\", line 2355, in _handle_dbapi_exception\n    raise sqlalchemy_exception.with_traceback(exc_info[2]) from e\n  File \"C:\\Users\\ACER\\Desktop\\BRENDEX\\e-rep-backend\\flask-env\\Lib\\site-packages\\sqlalchemy\\engine\\base.py\", line 1967, in _exec_single_context\n    self.dialect.do_execute(\n    ~~~~~~~~~~~~~~~~~~~~~~~^\n        cursor, str_statement, effective_parameters, context\n        ^^^^^^^^^^^^^^^^^^^^^^^^^^^^^^^^^^^^^^^^^^^^^^^^^^^^\n    )\n    ^\n  File \"C:\\Users\\ACER\\Desktop\\BRENDEX\\e-rep-backend\\flask-env\\Lib\\site-packages\\sqlalchemy\\engine\\default.py\", line 951, in do_execute\n    cursor.execute(statement, parameters)\n    ~~~~~~~~~~~~~~^^^^^^^^^^^^^^^^^^^^^^^\nsqlalchemy.exc.OperationalError: (sqlite3.OperationalError) near \"ON\": syntax error\n[SQL: \n            WITH latest_page_data AS (\n                SELECT DISTINCT ON (page_id)\n                    page_id,\n                    entity_id,\n                    entity_name,\n                    platform,\n                    page_name,\n                    page_url,\n                    profile_url AS profile_image_url,\n                    category,\n                    raw_followers::BIGINT AS followers,\n                    DATE(recorded_at) AS snapshot_date\n                FROM page_posts_metrics_mv\n                WHERE platform IN ('instagram','linkedin','tiktok','youtube','x', 'facebook')\n                  AND raw_followers IS NOT NULL\n                  AND to_scrape\n                ORDER BY page_id, recorded_at DESC\n            ),\n            entity_category_map AS (\n                SELECT\n                    entity_id,\n                    MIN(category) AS category\n                FROM latest_page_data\n                GROUP BY entity_id\n            ),\n            entity_totals AS (\n                SELECT\n                    entity_id,\n                    SUM(followers)::BIGINT AS total_followers,\n                    MIN(snapshot_date) AS window_start,\n                    RANK() OVER (ORDER BY SUM(followers) DESC) AS entity_rank\n                FROM latest_page_data\n                GROUP BY entity_id\n            )\n            SELECT\n                lpd.entity_id,\n                lpd.entity_name,\n                et.total_followers,\n                et.entity_rank,\n                et.window_start,\n                ecm.category,\n                lpd.platform,\n                lpd.page_name,\n                lpd.page_id,\n                lpd.page_url,\n                lpd.profile_image_url,\n                lpd.followers\n            FROM latest_page_data lpd\n            JOIN entity_totals et ON et.entity_id = lpd.entity_id\n            LEFT JOIN entity_category_map ecm ON ecm.entity_id = lpd.entity_id\n            ORDER BY et.entity_rank, lpd.platform\n        ]\n(Background on this error at: https://sqlalche.me/e/20/e3q8)\n", "call": {"method_type": "static", "args": [], "kwargs": {}}, "request": {"request_id": null, "method": "GET", "path": "/api/public/ranking", "endpoint": "public.public_ranking", "blueprint": "public"}}
CRITICAL route_errors:main.py:154 {"timestamp": "2026-06-15T18:57:18.493Z", "severity": "high", "category": "route_error", "status_code": 500, "public_message": "An error occurred in the database.", "error_type": "OperationalError", "error_message": "(sqlite3.OperationalError) near \"ON\": syntax error\n[SQL: \n            WITH latest_page_data AS (\n                SELECT DISTINCT ON (page_id)\n                    page_id,\n                    entity_id,\n                    entity_name,\n                    platform,\n                    page_name,\n                    page_url,\n                    profile_url AS profile_image_url,\n                    category,\n                    raw_followers::BIGINT AS followers,\n                    DATE(recorded_at) AS snapshot_date\n                FROM page_posts_metrics_mv\n                WHERE platform IN ('instagram','linkedin','tiktok','youtube','x', 'facebook')\n                  AND raw_followers IS NOT NULL\n                  AND to_scrape\n                ORDER BY page_id, recorded_at DESC\n            ),\n            entity_category_map AS (\n                SELECT\n                    entity_id,\n                    MIN(category) AS category\n                FROM latest_page_data\n                GROUP BY entity_id\n            ),\n            entity_totals AS (\n                SELECT\n                    entity_id,\n                    SUM(followers)::BIGINT AS total_followers,\n                    MIN(snapshot_date) AS window_start,\n                    RANK() OVER (ORDER BY SUM(followers) DESC) AS entity_rank\n                FROM latest_page_data\n                GROUP BY entity_id\n            )\n            SELECT\n                lpd.entity_id,\n                lpd.entity_name,\n                et.total_followers,\n                et.entity_rank,\n                et.window_start,\n                ecm.category,\n                lpd.platform,\n                lpd.page_name,\n                lpd.page_id,\n                lpd.page_url,\n                lpd.profile_image_url,\n                lpd.followers\n            FROM latest_page_data lpd\n            JOIN entity_totals et ON et.entity_id = lpd.entity_id\n            LEFT JOIN entity_category_map ecm ON ecm.entity_id = lpd.entity_id\n            ORDER BY et.entity_rank, lpd.platform\n        ]\n(Background on this error at: https://sqlalche.me/e/20/e3q8)", "stack_trace": "Traceback (most recent call last):\n  File \"C:\\Users\\ACER\\Desktop\\BRENDEX\\e-rep-backend\\flask-env\\Lib\\site-packages\\sqlalchemy\\engine\\base.py\", line 1967, in _exec_single_context\n    self.dialect.do_execute(\n    ~~~~~~~~~~~~~~~~~~~~~~~^\n        cursor, str_statement, effective_parameters, context\n        ^^^^^^^^^^^^^^^^^^^^^^^^^^^^^^^^^^^^^^^^^^^^^^^^^^^^\n    )\n    ^\n  File \"C:\\Users\\ACER\\Desktop\\BRENDEX\\e-rep-backend\\flask-env\\Lib\\site-packages\\sqlalchemy\\engine\\default.py\", line 951, in do_execute\n    cursor.execute(statement, parameters)\n    ~~~~~~~~~~~~~~^^^^^^^^^^^^^^^^^^^^^^^\nsqlite3.OperationalError: near \"ON\": syntax error\n\nThe above exception was the direct cause of the following exception:\n\nTraceback (most recent call last):\n  File \"C:\\Users\\ACER\\Desktop\\BRENDEX\\e-rep-backend\\flask-env\\Lib\\site-packages\\flask\\app.py\", line 917, in full_dispatch_request\n    rv = self.dispatch_request()\n  File \"C:\\Users\\ACER\\Desktop\\BRENDEX\\e-rep-backend\\flask-env\\Lib\\site-packages\\flask\\app.py\", line 902, in dispatch_request\n    return self.ensure_sync(self.view_functions[rule.endpoint])(**view_args)  # type: ignore[no-any-return]\n           ~~~~~~~~~~~~~~~~~~~~~~~~~~~~~~~~~~~~~~~~~~~~~~~~~~~~^^^^^^^^^^^^^\n  File \"C:\\Users\\ACER\\Desktop\\BRENDEX\\e-rep-backend\\api\\routes\\public_routes.py\", line 14, in public_ranking\n    data = PageHistoryRepository.get_public_ranking()\n  File \"C:\\Users\\ACER\\Desktop\\BRENDEX\\e-rep-backend\\api\\utils\\logging_utils.py\", line 340, in wrapper\n    return func(*args, **kwargs)\n  File \"C:\\Users\\ACER\\Desktop\\BRENDEX\\e-rep-backend\\api\\repositories\\page_history_repository.py\", line 826, in get_public_ranking\n    data = PageHistoryRepository.get_all_entities_ranking()\n  File \"C:\\Users\\ACER\\Desktop\\BRENDEX\\e-rep-backend\\api\\utils\\logging_utils.py\", line 340, in wrapper\n    return func(*args, **kwargs)\n  File \"C:\\Users\\ACER\\Desktop\\BRENDEX\\e-rep-backend\\api\\repositories\\page_history_repository.py\", line 729, in get_all_entities_ranking\n    rows = db.session.execute(query).mappings().all()\n           ~~~~~~~~~~~~~~~~~~^^^^^^^\n  File \"C:\\Users\\ACER\\Desktop\\BRENDEX\\e-rep-backend\\flask-env\\Lib\\site-packages\\sqlalchemy\\orm\\scoping.py\", line 779, in execute\n    return self._proxied.execute(\n           ~~~~~~~~~~~~~~~~~~~~~^\n        statement,\n        ^^^^^^^^^^\n    ...<4 lines>...\n        _add_event=_add_event,\n        ^^^^^^^^^^^^^^^^^^^^^^\n    )\n    ^\n  File \"C:\\Users\\ACER\\Desktop\\BRENDEX\\e-rep-backend\\flask-env\\Lib\\site-packages\\sqlalchemy\\orm\\session.py\", line 2365, in execute\n    return self._execute_internal(\n           ~~~~~~~~~~~~~~~~~~~~~~^\n        statement,\n        ^^^^^^^^^^\n    ...<4 lines>...\n        _add_event=_add_event,\n        ^^^^^^^^^^^^^^^^^^^^^^\n    )\n    ^\n  File \"C:\\Users\\ACER\\Desktop\\BRENDEX\\e-rep-backend\\flask-env\\Lib\\site-packages\\sqlalchemy\\orm\\session.py\", line 2260, in _execute_internal\n    result = conn.execute(\n        statement, params or {}, execution_options=execution_options\n    )\n  File \"C:\\Users\\ACER\\Desktop\\BRENDEX\\e-rep-backend\\flask-env\\Lib\\site-packages\\sqlalchemy\\engine\\base.py\", line 1419, in execute\n    return meth(\n        self,\n        distilled_parameters,\n        execution_options or NO_OPTIONS,\n    )\n  File \"C:\\Users\\ACER\\Desktop\\BRENDEX\\e-rep-backend\\flask-env\\Lib\\site-packages\\sqlalchemy\\sql\\elements.py\", line 526, in _execute_on_connection\n    return connection._execute_clauseelement(\n           ~~~~~~~~~~~~~~~~~~~~~~~~~~~~~~~~~^\n        self, distilled_params, execution_options\n        ^^^^^^^^^^^^^^^^^^^^^^^^^^^^^^^^^^^^^^^^^\n    )\n    ^\n  File \"C:\\Users\\ACER\\Desktop\\BRENDEX\\e-rep-backend\\flask-env\\Lib\\site-packages\\sqlalchemy\\engine\\base.py\", line 1641, in _execute_clauseelement\n    ret = self._execute_context(\n        dialect,\n    ...<8 lines>...\n        cache_hit=cache_hit,\n    )\n  File \"C:\\Users\\ACER\\Desktop\\BRENDEX\\e-rep-backend\\flask-env\\Lib\\site-packages\\sqlalchemy\\engine\\base.py\", line 1846, in _execute_context\n    return self._exec_single_context(\n           ~~~~~~~~~~~~~~~~~~~~~~~~~^\n        dialect, context, statement, parameters\n        ^^^^^^^^^^^^^^^^^^^^^^^^^^^^^^^^^^^^^^^\n    )\n    ^\n  File \"C:\\Users\\ACER\\Desktop\\BRENDEX\\e-rep-backend\\flask-env\\Lib\\site-packages\\sqlalchemy\\engine\\base.py\", line 1986, in _exec_single_context\n    self._handle_dbapi_exception(\n    ~~~~~~~~~~~~~~~~~~~~~~~~~~~~^\n        e, str_statement, effective_parameters, cursor, context\n        ^^^^^^^^^^^^^^^^^^^^^^^^^^^^^^^^^^^^^^^^^^^^^^^^^^^^^^^\n    )\n    ^\n  File \"C:\\Users\\ACER\\Desktop\\BRENDEX\\e-rep-backend\\flask-env\\Lib\\site-packages\\sqlalchemy\\engine\\base.py\", line 2355, in _handle_dbapi_exception\n    raise sqlalchemy_exception.with_traceback(exc_info[2]) from e\n  File \"C:\\Users\\ACER\\Desktop\\BRENDEX\\e-rep-backend\\flask-env\\Lib\\site-packages\\sqlalchemy\\engine\\base.py\", line 1967, in _exec_single_context\n    self.dialect.do_execute(\n    ~~~~~~~~~~~~~~~~~~~~~~~^\n        cursor, str_statement, effective_parameters, context\n        ^^^^^^^^^^^^^^^^^^^^^^^^^^^^^^^^^^^^^^^^^^^^^^^^^^^^\n    )\n    ^\n  File \"C:\\Users\\ACER\\Desktop\\BRENDEX\\e-rep-backend\\flask-env\\Lib\\site-packages\\sqlalchemy\\engine\\default.py\", line 951, in do_execute\n    cursor.execute(statement, parameters)\n    ~~~~~~~~~~~~~~^^^^^^^^^^^^^^^^^^^^^^^\nsqlalchemy.exc.OperationalError: (sqlite3.OperationalError) near \"ON\": syntax error\n[SQL: \n            WITH latest_page_data AS (\n                SELECT DISTINCT ON (page_id)\n                    page_id,\n                    entity_id,\n                    entity_name,\n                    platform,\n                    page_name,\n                    page_url,\n                    profile_url AS profile_image_url,\n                    category,\n                    raw_followers::BIGINT AS followers,\n                    DATE(recorded_at) AS snapshot_date\n                FROM page_posts_metrics_mv\n                WHERE platform IN ('instagram','linkedin','tiktok','youtube','x', 'facebook')\n                  AND raw_followers IS NOT NULL\n                  AND to_scrape\n                ORDER BY page_id, recorded_at DESC\n            ),\n            entity_category_map AS (\n                SELECT\n                    entity_id,\n                    MIN(category) AS category\n                FROM latest_page_data\n                GROUP BY entity_id\n            ),\n            entity_totals AS (\n                SELECT\n                    entity_id,\n                    SUM(followers)::BIGINT AS total_followers,\n                    MIN(snapshot_date) AS window_start,\n                    RANK() OVER (ORDER BY SUM(followers) DESC) AS entity_rank\n                FROM latest_page_data\n                GROUP BY entity_id\n            )\n            SELECT\n                lpd.entity_id,\n                lpd.entity_name,\n                et.total_followers,\n                et.entity_rank,\n                et.window_start,\n                ecm.category,\n                lpd.platform,\n                lpd.page_name,\n                lpd.page_id,\n                lpd.page_url,\n                lpd.profile_image_url,\n                lpd.followers\n            FROM latest_page_data lpd\n            JOIN entity_totals et ON et.entity_id = lpd.entity_id\n            LEFT JOIN entity_category_map ecm ON ecm.entity_id = lpd.entity_id\n            ORDER BY et.entity_rank, lpd.platform\n        ]\n(Background on this error at: https://sqlalche.me/e/20/e3q8)\n", "request": {"request_id": null, "method": "GET", "url": "http://localhost/api/public/ranking", "path": "/api/public/ranking", "endpoint": "public.public_ranking", "blueprint": "public", "remote_addr": "127.0.0.1", "user_agent": "Werkzeug/3.1.3", "content_type": "application/json", "data": {}}}
=========================== short test summary info ===========================
FAILED api\tests\test_auth_rbac.py::TestEndpointAuth::test_public_ranking_no_auth
============================== 1 failed in 1.07s ==============================
